// Jest Snapshot v1, https://goo.gl/fbAQLP

exports[`Typescript codeGeneration simple hero query 1`] = `
Object {
  "common": "/* tslint:disable */
/* eslint-disable */
// @generated
// This file was automatically generated and should not be edited.

//==============================================================
// START Enums and Input Objects
//==============================================================

export type Lifespan_Limited = {
  __typename: \\"Lifespan.Limited\\";
  max: number | undefined;
};

export type Lifespan = \\"Immortal\\" | Lifespan_Limited;

//==============================================================
// END Enums and Input Objects
//==============================================================
",
  "generatedFiles": Array [
    Object {
      "content": TypescriptGeneratedFile {
        "fileContents": "/* tslint:disable */
/* eslint-disable */
// @generated
// This file was automatically generated and should not be edited.

// ====================================================
// GraphQL query operation: GetDeities
// ====================================================

export interface GetDeities_deities_God {
  __typename: \\"God\\";
  name: string;
  lifespan: Lifespan;
}

export interface GetDeities_deities_Deity_Titan {
  __typename: \\"Deity_Titan\\";
  name: string;
}

export type GetDeities_deities = GetDeities_deities_God | GetDeities_deities_Deity_Titan;

export interface GetDeities {
  deities: GetDeities_deities[];
}

export interface GetDeitiesVariables {
  lifespan?: Lifespan | null;
}
",
      },
      "fileName": "GetDeities.ts",
      "sourcePath": "GraphQL request",
    },
  ],
}
`;
